Tue 16 Sep 2025 16:13:15 INFO  ['run.py', '--config', '2']
Tue 16 Sep 2025 16:13:15 INFO  
General Hyper Parameters:
gpu_id = 0
use_gpu = True
seed = 2020
state = INFO
reproducibility = True
data_path = dataset/ml-1m
checkpoint_dir = saved
show_progress = True
save_dataset = False
dataset_save_path = None
save_dataloaders = False
dataloaders_save_path = None
log_wandb = False

Training Hyper Parameters:
epochs = 200
train_batch_size = 1024
learner = adam
learning_rate = 0.001
train_neg_sample_args = {'distribution': 'none', 'sample_num': 'none', 'alpha': 'none', 'dynamic': False, 'candidate_num': 0}
eval_step = 1
stopping_step = 10
clip_grad_norm = None
weight_decay = 0.0
loss_decimal_place = 4

Evaluation Hyper Parameters:
eval_args = {'split': {'LS': 'valid_and_test'}, 'order': 'TO', 'group_by': 'user', 'mode': {'valid': 'full', 'test': 'full'}}
repeatable = True
metrics = ['Hit', 'NDCG', 'MRR']
topk = [10]
valid_metric = NDCG@10
valid_metric_bigger = True
eval_batch_size = 2048
metric_decimal_place = 4

Dataset Hyper Parameters:
field_separator = 	
seq_separator =  
USER_ID_FIELD = user_id
ITEM_ID_FIELD = item_id
RATING_FIELD = rating
TIME_FIELD = timestamp
seq_len = None
LABEL_FIELD = label
threshold = None
NEG_PREFIX = neg_
load_col = {'inter': ['user_id', 'item_id', 'timestamp'], 'user': ['user_id', 'age_idx', 'gender_idx', 'job_idx']}
unload_col = None
unused_col = None
additional_feat_suffix = None
rm_dup_inter = None
val_interval = None
filter_inter_by_user_or_item = True
user_inter_num_interval = [5,inf)
item_inter_num_interval = [5,inf)
alias_of_user_id = None
alias_of_item_id = None
alias_of_entity_id = None
alias_of_relation_id = None
preload_weight = None
normalize_field = None
normalize_all = None
ITEM_LIST_LENGTH_FIELD = item_length
LIST_SUFFIX = _list
MAX_ITEM_LIST_LENGTH = 200
POSITION_FIELD = position_id
HEAD_ENTITY_ID_FIELD = head_id
TAIL_ENTITY_ID_FIELD = tail_id
RELATION_ID_FIELD = relation_id
ENTITY_ID_FIELD = entity_id
benchmark_filename = None

Other Hyper Parameters: 
worker = 0
wandb_project = recbole
shuffle = True
require_pow = False
enable_amp = False
enable_scaler = False
transform = None
numerical_features = []
discretization = None
kg_reverse_r = False
entity_kg_num_interval = [0,inf)
relation_kg_num_interval = [0,inf)
MODEL_TYPE = ModelType.SEQUENTIAL
hidden_size = 64
num_layers = 3
dropout_prob = 0.2
loss_type = CE
d_state = 32
d_conv = 4
expand = 2
dt_min = 0.001
dt_max = 0.1
d_H = 64
d_P = 32
MIN_ITEM_LIST_LENGTH = 0
TIMESTAMP_FIELD = timestamp
next_n = 1
user_hidden_size = 32
ml1m_age_classes = 7
ml1m_gender_classes = 2
ml1m_job_classes = 21
sse_user_p = 0.0
sse_item_p = 0.1
sse_pos_p = 0.1
sse_item_mode = global
ml1m_genre_classes = 18
genre_hidden_size = 32
MODEL_INPUT_TYPE = InputType.POINTWISE
eval_type = EvaluatorType.RANKING
single_spec = True
local_rank = 0
device = cuda
valid_neg_sample_args = {'distribution': 'uniform', 'sample_num': 'none'}
test_neg_sample_args = {'distribution': 'uniform', 'sample_num': 'none'}


Tue 16 Sep 2025 16:13:18 INFO  ml-1m
The number of users: 6041
Average actions of users: 165.49850993377484
The number of items: 3417
Average actions of items: 292.6261709601874
The number of inters: 999611
The sparsity of the dataset: 95.15741545057172%
Remain Fields: ['user_id', 'item_id', 'timestamp']
Tue 16 Sep 2025 16:13:18 INFO  Augmentation for sequential recommendation.
Tue 16 Sep 2025 16:13:33 INFO  [Training]: train_batch_size = [1024] train_neg_sample_args: [{'distribution': 'none', 'sample_num': 'none', 'alpha': 'none', 'dynamic': False, 'candidate_num': 0}]
Tue 16 Sep 2025 16:13:33 INFO  [Evaluation]: eval_batch_size = [2048] eval_args: [{'split': {'LS': 'valid_and_test'}, 'order': 'TO', 'group_by': 'user', 'mode': {'valid': 'full', 'test': 'full'}}]
Tue 16 Sep 2025 16:13:33 INFO  ml-1m
The number of users: 6041
Average actions of users: 162.49850993377484
The number of items: 3417
Average actions of items: 287.3217213114754
The number of inters: 981491
The sparsity of the dataset: 95.24519722971945%
Remain Fields: ['user_id', 'item_id', 'timestamp', 'item_id_list', 'timestamp_list', 'item_length']
Tue 16 Sep 2025 16:13:34 INFO  SS4Rec(
  (item_embedding): Embedding(3417, 64, padding_idx=0)
  (item_genre_linear): Identity()
  (item_genre_dropout): Identity()
  (LayerNorm): LayerNorm((64,), eps=1e-12, elementwise_affine=True)
  (dropout): Dropout(p=0.2, inplace=False)
  (model): ModuleList(
    (0-2): 3 x SSBlock(
      (S5): S5(
        (seq): S5SSM()
      )
      (S6): Mamba(
        (in_proj): Linear(in_features=64, out_features=256, bias=False)
        (conv1d): Conv1d(128, 128, kernel_size=(4,), stride=(1,), padding=(3,), groups=128)
        (act): SiLU()
        (x_proj): Linear(in_features=128, out_features=68, bias=False)
        (dt_proj): Linear(in_features=4, out_features=128, bias=True)
        (out_proj): Linear(in_features=128, out_features=64, bias=False)
      )
      (dropout): Dropout(p=0.2, inplace=False)
      (LayerNorm): LayerNorm((64,), eps=1e-12, elementwise_affine=True)
    )
  )
  (loss_fct): CrossEntropyLoss()
  (user_feat_linear): Linear(in_features=30, out_features=32, bias=True)
  (user_dropout): Dropout(p=0.2, inplace=False)
  (fuse): Linear(in_features=96, out_features=64, bias=True)
  (fuse_ln): LayerNorm((64,), eps=1e-05, elementwise_affine=True)
)
Trainable parameters: 361696
Tue 16 Sep 2025 16:21:32 INFO  epoch 0 training [time: 478.32s, train loss: 6843.8315]
Tue 16 Sep 2025 16:21:33 INFO  epoch 0 evaluating [time: 0.72s, valid_score: 0.094000]
Tue 16 Sep 2025 16:21:33 INFO  valid result: 
hit@10 : 0.178    ndcg@10 : 0.094    mrr@10 : 0.0685
Tue 16 Sep 2025 16:21:33 INFO  Saving current: saved/SS4Rec-Sep-16-2025_16-13-34.pth
Tue 16 Sep 2025 16:29:31 INFO  epoch 1 training [time: 478.19s, train loss: 6107.5799]
Tue 16 Sep 2025 16:29:32 INFO  epoch 1 evaluating [time: 0.42s, valid_score: 0.140800]
Tue 16 Sep 2025 16:29:32 INFO  valid result: 
hit@10 : 0.2563    ndcg@10 : 0.1408    mrr@10 : 0.1055
Tue 16 Sep 2025 16:29:32 INFO  Saving current: saved/SS4Rec-Sep-16-2025_16-13-34.pth
Tue 16 Sep 2025 16:37:31 INFO  epoch 2 training [time: 479.20s, train loss: 5889.4195]
Tue 16 Sep 2025 16:37:31 INFO  epoch 2 evaluating [time: 0.42s, valid_score: 0.163700]
Tue 16 Sep 2025 16:37:31 INFO  valid result: 
hit@10 : 0.296    ndcg@10 : 0.1637    mrr@10 : 0.1232
Tue 16 Sep 2025 16:37:32 INFO  Saving current: saved/SS4Rec-Sep-16-2025_16-13-34.pth
Tue 16 Sep 2025 16:45:30 INFO  epoch 3 training [time: 478.69s, train loss: 5801.8458]
Tue 16 Sep 2025 16:45:31 INFO  epoch 3 evaluating [time: 0.42s, valid_score: 0.172500]
Tue 16 Sep 2025 16:45:31 INFO  valid result: 
hit@10 : 0.3061    ndcg@10 : 0.1725    mrr@10 : 0.1318
Tue 16 Sep 2025 16:45:31 INFO  Saving current: saved/SS4Rec-Sep-16-2025_16-13-34.pth
Tue 16 Sep 2025 16:53:30 INFO  epoch 4 training [time: 479.28s, train loss: 5738.9181]
Tue 16 Sep 2025 16:53:30 INFO  epoch 4 evaluating [time: 0.41s, valid_score: 0.181600]
Tue 16 Sep 2025 16:53:30 INFO  valid result: 
hit@10 : 0.3209    ndcg@10 : 0.1816    mrr@10 : 0.1392
Tue 16 Sep 2025 16:53:30 INFO  Saving current: saved/SS4Rec-Sep-16-2025_16-13-34.pth
Tue 16 Sep 2025 17:01:26 INFO  epoch 5 training [time: 476.04s, train loss: 5687.0934]
Tue 16 Sep 2025 17:01:27 INFO  epoch 5 evaluating [time: 0.42s, valid_score: 0.187900]
Tue 16 Sep 2025 17:01:27 INFO  valid result: 
hit@10 : 0.3306    ndcg@10 : 0.1879    mrr@10 : 0.1444
Tue 16 Sep 2025 17:01:27 INFO  Saving current: saved/SS4Rec-Sep-16-2025_16-13-34.pth
Tue 16 Sep 2025 17:09:26 INFO  epoch 6 training [time: 478.97s, train loss: 5641.0977]
Tue 16 Sep 2025 17:09:26 INFO  epoch 6 evaluating [time: 0.42s, valid_score: 0.190300]
Tue 16 Sep 2025 17:09:26 INFO  valid result: 
hit@10 : 0.3315    ndcg@10 : 0.1903    mrr@10 : 0.1472
Tue 16 Sep 2025 17:09:26 INFO  Saving current: saved/SS4Rec-Sep-16-2025_16-13-34.pth
Tue 16 Sep 2025 17:17:24 INFO  epoch 7 training [time: 477.65s, train loss: 5613.8121]
Tue 16 Sep 2025 17:17:24 INFO  epoch 7 evaluating [time: 0.42s, valid_score: 0.192800]
Tue 16 Sep 2025 17:17:24 INFO  valid result: 
hit@10 : 0.3381    ndcg@10 : 0.1928    mrr@10 : 0.1483
Tue 16 Sep 2025 17:17:25 INFO  Saving current: saved/SS4Rec-Sep-16-2025_16-13-34.pth
Tue 16 Sep 2025 17:25:23 INFO  epoch 8 training [time: 478.59s, train loss: 5596.0260]
Tue 16 Sep 2025 17:25:24 INFO  epoch 8 evaluating [time: 0.41s, valid_score: 0.196900]
Tue 16 Sep 2025 17:25:24 INFO  valid result: 
hit@10 : 0.3391    ndcg@10 : 0.1969    mrr@10 : 0.1532
Tue 16 Sep 2025 17:25:24 INFO  Saving current: saved/SS4Rec-Sep-16-2025_16-13-34.pth
Tue 16 Sep 2025 17:33:21 INFO  epoch 9 training [time: 477.94s, train loss: 5575.7963]
Tue 16 Sep 2025 17:33:22 INFO  epoch 9 evaluating [time: 0.41s, valid_score: 0.199600]
Tue 16 Sep 2025 17:33:22 INFO  valid result: 
hit@10 : 0.3447    ndcg@10 : 0.1996    mrr@10 : 0.1551
Tue 16 Sep 2025 17:33:22 INFO  Saving current: saved/SS4Rec-Sep-16-2025_16-13-34.pth
Tue 16 Sep 2025 17:41:20 INFO  epoch 10 training [time: 478.28s, train loss: 5560.6267]
Tue 16 Sep 2025 17:41:21 INFO  epoch 10 evaluating [time: 0.42s, valid_score: 0.200400]
Tue 16 Sep 2025 17:41:21 INFO  valid result: 
hit@10 : 0.3459    ndcg@10 : 0.2004    mrr@10 : 0.156
Tue 16 Sep 2025 17:41:21 INFO  Saving current: saved/SS4Rec-Sep-16-2025_16-13-34.pth
Tue 16 Sep 2025 17:49:19 INFO  epoch 11 training [time: 478.42s, train loss: 5552.5014]
Tue 16 Sep 2025 17:49:20 INFO  epoch 11 evaluating [time: 0.41s, valid_score: 0.201000]
Tue 16 Sep 2025 17:49:20 INFO  valid result: 
hit@10 : 0.3482    ndcg@10 : 0.201    mrr@10 : 0.156
Tue 16 Sep 2025 17:49:20 INFO  Saving current: saved/SS4Rec-Sep-16-2025_16-13-34.pth
Tue 16 Sep 2025 17:57:18 INFO  epoch 12 training [time: 478.21s, train loss: 5536.1312]
Tue 16 Sep 2025 17:57:18 INFO  epoch 12 evaluating [time: 0.42s, valid_score: 0.202100]
Tue 16 Sep 2025 17:57:18 INFO  valid result: 
hit@10 : 0.3475    ndcg@10 : 0.2021    mrr@10 : 0.1576
Tue 16 Sep 2025 17:57:18 INFO  Saving current: saved/SS4Rec-Sep-16-2025_16-13-34.pth
Tue 16 Sep 2025 18:05:17 INFO  epoch 13 training [time: 478.39s, train loss: 5532.4522]
Tue 16 Sep 2025 18:05:17 INFO  epoch 13 evaluating [time: 0.42s, valid_score: 0.204300]
Tue 16 Sep 2025 18:05:17 INFO  valid result: 
hit@10 : 0.3502    ndcg@10 : 0.2043    mrr@10 : 0.1596
Tue 16 Sep 2025 18:05:17 INFO  Saving current: saved/SS4Rec-Sep-16-2025_16-13-34.pth
Tue 16 Sep 2025 18:13:16 INFO  epoch 14 training [time: 478.82s, train loss: 5517.1518]
Tue 16 Sep 2025 18:13:16 INFO  epoch 14 evaluating [time: 0.42s, valid_score: 0.206400]
Tue 16 Sep 2025 18:13:16 INFO  valid result: 
hit@10 : 0.3531    ndcg@10 : 0.2064    mrr@10 : 0.1615
Tue 16 Sep 2025 18:13:16 INFO  Saving current: saved/SS4Rec-Sep-16-2025_16-13-34.pth
Tue 16 Sep 2025 18:21:15 INFO  epoch 15 training [time: 478.73s, train loss: 5513.4880]
Tue 16 Sep 2025 18:21:16 INFO  epoch 15 evaluating [time: 0.42s, valid_score: 0.209100]
Tue 16 Sep 2025 18:21:16 INFO  valid result: 
hit@10 : 0.355    ndcg@10 : 0.2091    mrr@10 : 0.1644
Tue 16 Sep 2025 18:21:16 INFO  Saving current: saved/SS4Rec-Sep-16-2025_16-13-34.pth
Tue 16 Sep 2025 18:29:14 INFO  epoch 16 training [time: 478.60s, train loss: 5506.7103]
Tue 16 Sep 2025 18:29:15 INFO  epoch 16 evaluating [time: 0.42s, valid_score: 0.207600]
Tue 16 Sep 2025 18:29:15 INFO  valid result: 
hit@10 : 0.3543    ndcg@10 : 0.2076    mrr@10 : 0.1628
Tue 16 Sep 2025 18:37:13 INFO  epoch 17 training [time: 478.38s, train loss: 5505.1953]
Tue 16 Sep 2025 18:37:14 INFO  epoch 17 evaluating [time: 0.42s, valid_score: 0.209100]
Tue 16 Sep 2025 18:37:14 INFO  valid result: 
hit@10 : 0.3558    ndcg@10 : 0.2091    mrr@10 : 0.1641
Tue 16 Sep 2025 18:37:14 INFO  Saving current: saved/SS4Rec-Sep-16-2025_16-13-34.pth
Tue 16 Sep 2025 18:45:12 INFO  epoch 18 training [time: 478.02s, train loss: 5489.8503]
Tue 16 Sep 2025 18:45:12 INFO  epoch 18 evaluating [time: 0.42s, valid_score: 0.209800]
Tue 16 Sep 2025 18:45:12 INFO  valid result: 
hit@10 : 0.3579    ndcg@10 : 0.2098    mrr@10 : 0.1644
Tue 16 Sep 2025 18:45:12 INFO  Saving current: saved/SS4Rec-Sep-16-2025_16-13-34.pth
Tue 16 Sep 2025 18:53:11 INFO  epoch 19 training [time: 479.28s, train loss: 5480.3208]
Tue 16 Sep 2025 18:53:12 INFO  epoch 19 evaluating [time: 0.42s, valid_score: 0.213300]
Tue 16 Sep 2025 18:53:12 INFO  valid result: 
hit@10 : 0.3624    ndcg@10 : 0.2133    mrr@10 : 0.1676
Tue 16 Sep 2025 18:53:12 INFO  Saving current: saved/SS4Rec-Sep-16-2025_16-13-34.pth
Tue 16 Sep 2025 19:01:11 INFO  epoch 20 training [time: 478.79s, train loss: 5476.7810]
Tue 16 Sep 2025 19:01:11 INFO  epoch 20 evaluating [time: 0.42s, valid_score: 0.211300]
Tue 16 Sep 2025 19:01:11 INFO  valid result: 
hit@10 : 0.3603    ndcg@10 : 0.2113    mrr@10 : 0.1657
Tue 16 Sep 2025 19:09:10 INFO  epoch 21 training [time: 478.78s, train loss: 5475.6169]
Tue 16 Sep 2025 19:09:10 INFO  epoch 21 evaluating [time: 0.43s, valid_score: 0.212200]
Tue 16 Sep 2025 19:09:10 INFO  valid result: 
hit@10 : 0.3606    ndcg@10 : 0.2122    mrr@10 : 0.1667
Tue 16 Sep 2025 19:17:09 INFO  epoch 22 training [time: 478.51s, train loss: 5469.4377]
Tue 16 Sep 2025 19:17:09 INFO  epoch 22 evaluating [time: 0.42s, valid_score: 0.213000]
Tue 16 Sep 2025 19:17:09 INFO  valid result: 
hit@10 : 0.3636    ndcg@10 : 0.213    mrr@10 : 0.167
Tue 16 Sep 2025 19:25:08 INFO  epoch 23 training [time: 478.41s, train loss: 5464.0001]
Tue 16 Sep 2025 19:25:08 INFO  epoch 23 evaluating [time: 0.42s, valid_score: 0.213700]
Tue 16 Sep 2025 19:25:08 INFO  valid result: 
hit@10 : 0.3618    ndcg@10 : 0.2137    mrr@10 : 0.1683
Tue 16 Sep 2025 19:25:08 INFO  Saving current: saved/SS4Rec-Sep-16-2025_16-13-34.pth
Tue 16 Sep 2025 19:33:07 INFO  epoch 24 training [time: 478.57s, train loss: 5463.7167]
Tue 16 Sep 2025 19:33:07 INFO  epoch 24 evaluating [time: 0.42s, valid_score: 0.210300]
Tue 16 Sep 2025 19:33:07 INFO  valid result: 
hit@10 : 0.3599    ndcg@10 : 0.2103    mrr@10 : 0.1644
Tue 16 Sep 2025 19:41:06 INFO  epoch 25 training [time: 478.67s, train loss: 5452.4283]
Tue 16 Sep 2025 19:41:06 INFO  epoch 25 evaluating [time: 0.42s, valid_score: 0.213500]
Tue 16 Sep 2025 19:41:06 INFO  valid result: 
hit@10 : 0.3664    ndcg@10 : 0.2135    mrr@10 : 0.1667
Tue 16 Sep 2025 19:49:05 INFO  epoch 26 training [time: 479.11s, train loss: 5448.0165]
Tue 16 Sep 2025 19:49:06 INFO  epoch 26 evaluating [time: 0.42s, valid_score: 0.213100]
Tue 16 Sep 2025 19:49:06 INFO  valid result: 
hit@10 : 0.3654    ndcg@10 : 0.2131    mrr@10 : 0.1666
Tue 16 Sep 2025 19:57:05 INFO  epoch 27 training [time: 479.45s, train loss: 5452.0609]
Tue 16 Sep 2025 19:57:06 INFO  epoch 27 evaluating [time: 0.42s, valid_score: 0.213100]
Tue 16 Sep 2025 19:57:06 INFO  valid result: 
hit@10 : 0.3613    ndcg@10 : 0.2131    mrr@10 : 0.1677
Tue 16 Sep 2025 20:05:05 INFO  epoch 28 training [time: 479.49s, train loss: 5447.7785]
Tue 16 Sep 2025 20:05:05 INFO  epoch 28 evaluating [time: 0.42s, valid_score: 0.214300]
Tue 16 Sep 2025 20:05:05 INFO  valid result: 
hit@10 : 0.3636    ndcg@10 : 0.2143    mrr@10 : 0.1686
Tue 16 Sep 2025 20:05:06 INFO  Saving current: saved/SS4Rec-Sep-16-2025_16-13-34.pth
Tue 16 Sep 2025 20:13:05 INFO  epoch 29 training [time: 479.17s, train loss: 5451.2956]
Tue 16 Sep 2025 20:13:05 INFO  epoch 29 evaluating [time: 0.42s, valid_score: 0.212800]
Tue 16 Sep 2025 20:13:05 INFO  valid result: 
hit@10 : 0.3611    ndcg@10 : 0.2128    mrr@10 : 0.1672
Tue 16 Sep 2025 20:21:04 INFO  epoch 30 training [time: 479.06s, train loss: 5437.1739]
Tue 16 Sep 2025 20:21:05 INFO  epoch 30 evaluating [time: 0.42s, valid_score: 0.217300]
Tue 16 Sep 2025 20:21:05 INFO  valid result: 
hit@10 : 0.3666    ndcg@10 : 0.2173    mrr@10 : 0.1715
Tue 16 Sep 2025 20:21:05 INFO  Saving current: saved/SS4Rec-Sep-16-2025_16-13-34.pth
Tue 16 Sep 2025 20:29:04 INFO  epoch 31 training [time: 479.14s, train loss: 5437.5541]
Tue 16 Sep 2025 20:29:04 INFO  epoch 31 evaluating [time: 0.42s, valid_score: 0.214600]
Tue 16 Sep 2025 20:29:04 INFO  valid result: 
hit@10 : 0.3629    ndcg@10 : 0.2146    mrr@10 : 0.1692
Tue 16 Sep 2025 20:37:03 INFO  epoch 32 training [time: 478.95s, train loss: 5436.0704]
Tue 16 Sep 2025 20:37:04 INFO  epoch 32 evaluating [time: 0.42s, valid_score: 0.215400]
Tue 16 Sep 2025 20:37:04 INFO  valid result: 
hit@10 : 0.3679    ndcg@10 : 0.2154    mrr@10 : 0.1688
Tue 16 Sep 2025 20:45:03 INFO  epoch 33 training [time: 479.34s, train loss: 5432.6929]
Tue 16 Sep 2025 20:45:03 INFO  epoch 33 evaluating [time: 0.42s, valid_score: 0.215400]
Tue 16 Sep 2025 20:45:03 INFO  valid result: 
hit@10 : 0.3687    ndcg@10 : 0.2154    mrr@10 : 0.1683
Tue 16 Sep 2025 20:53:02 INFO  epoch 34 training [time: 478.94s, train loss: 5432.4829]
Tue 16 Sep 2025 20:53:03 INFO  epoch 34 evaluating [time: 0.41s, valid_score: 0.220000]
Tue 16 Sep 2025 20:53:03 INFO  valid result: 
hit@10 : 0.3694    ndcg@10 : 0.22    mrr@10 : 0.174
Tue 16 Sep 2025 20:53:03 INFO  Saving current: saved/SS4Rec-Sep-16-2025_16-13-34.pth
Tue 16 Sep 2025 21:01:02 INFO  epoch 35 training [time: 478.82s, train loss: 5429.5955]
Tue 16 Sep 2025 21:01:02 INFO  epoch 35 evaluating [time: 0.42s, valid_score: 0.215600]
Tue 16 Sep 2025 21:01:02 INFO  valid result: 
hit@10 : 0.3657    ndcg@10 : 0.2156    mrr@10 : 0.1695
Tue 16 Sep 2025 21:09:01 INFO  epoch 36 training [time: 479.05s, train loss: 5427.5980]
Tue 16 Sep 2025 21:09:01 INFO  epoch 36 evaluating [time: 0.42s, valid_score: 0.219200]
Tue 16 Sep 2025 21:09:01 INFO  valid result: 
hit@10 : 0.3702    ndcg@10 : 0.2192    mrr@10 : 0.1729
Tue 16 Sep 2025 21:17:00 INFO  epoch 37 training [time: 478.54s, train loss: 5422.7305]
Tue 16 Sep 2025 21:17:00 INFO  epoch 37 evaluating [time: 0.42s, valid_score: 0.216100]
Tue 16 Sep 2025 21:17:00 INFO  valid result: 
hit@10 : 0.3684    ndcg@10 : 0.2161    mrr@10 : 0.1694
Tue 16 Sep 2025 21:25:00 INFO  epoch 38 training [time: 479.17s, train loss: 5414.6328]
Tue 16 Sep 2025 21:25:00 INFO  epoch 38 evaluating [time: 0.42s, valid_score: 0.217900]
Tue 16 Sep 2025 21:25:00 INFO  valid result: 
hit@10 : 0.3697    ndcg@10 : 0.2179    mrr@10 : 0.1713
Tue 16 Sep 2025 21:32:59 INFO  epoch 39 training [time: 479.17s, train loss: 5418.5274]
Tue 16 Sep 2025 21:33:00 INFO  epoch 39 evaluating [time: 0.42s, valid_score: 0.217800]
Tue 16 Sep 2025 21:33:00 INFO  valid result: 
hit@10 : 0.3695    ndcg@10 : 0.2178    mrr@10 : 0.1712
Tue 16 Sep 2025 21:40:58 INFO  epoch 40 training [time: 478.72s, train loss: 5417.1154]
Tue 16 Sep 2025 21:40:59 INFO  epoch 40 evaluating [time: 0.42s, valid_score: 0.218600]
Tue 16 Sep 2025 21:40:59 INFO  valid result: 
hit@10 : 0.3699    ndcg@10 : 0.2186    mrr@10 : 0.172
Tue 16 Sep 2025 21:48:58 INFO  epoch 41 training [time: 479.48s, train loss: 5419.2773]
Tue 16 Sep 2025 21:48:59 INFO  epoch 41 evaluating [time: 0.42s, valid_score: 0.219100]
Tue 16 Sep 2025 21:48:59 INFO  valid result: 
hit@10 : 0.3709    ndcg@10 : 0.2191    mrr@10 : 0.1726
Tue 16 Sep 2025 21:56:58 INFO  epoch 42 training [time: 479.05s, train loss: 5409.7695]
Tue 16 Sep 2025 21:56:58 INFO  epoch 42 evaluating [time: 0.42s, valid_score: 0.218800]
Tue 16 Sep 2025 21:56:58 INFO  valid result: 
hit@10 : 0.369    ndcg@10 : 0.2188    mrr@10 : 0.1727
Tue 16 Sep 2025 22:04:58 INFO  epoch 43 training [time: 479.51s, train loss: 5406.9644]
Tue 16 Sep 2025 22:04:58 INFO  epoch 43 evaluating [time: 0.42s, valid_score: 0.217300]
Tue 16 Sep 2025 22:04:58 INFO  valid result: 
hit@10 : 0.3675    ndcg@10 : 0.2173    mrr@10 : 0.1712
Tue 16 Sep 2025 22:12:57 INFO  epoch 44 training [time: 479.34s, train loss: 5410.3100]
Tue 16 Sep 2025 22:12:58 INFO  epoch 44 evaluating [time: 0.42s, valid_score: 0.219900]
Tue 16 Sep 2025 22:12:58 INFO  valid result: 
hit@10 : 0.3727    ndcg@10 : 0.2199    mrr@10 : 0.1732
Tue 16 Sep 2025 22:20:58 INFO  epoch 45 training [time: 479.77s, train loss: 5404.3119]
Tue 16 Sep 2025 22:20:58 INFO  epoch 45 evaluating [time: 0.42s, valid_score: 0.220000]
Tue 16 Sep 2025 22:20:58 INFO  valid result: 
hit@10 : 0.371    ndcg@10 : 0.22    mrr@10 : 0.1737
Tue 16 Sep 2025 22:20:58 INFO  Saving current: saved/SS4Rec-Sep-16-2025_16-13-34.pth
Tue 16 Sep 2025 22:28:57 INFO  epoch 46 training [time: 479.27s, train loss: 5406.0565]
Tue 16 Sep 2025 22:28:58 INFO  epoch 46 evaluating [time: 0.42s, valid_score: 0.218600]
Tue 16 Sep 2025 22:28:58 INFO  valid result: 
hit@10 : 0.3689    ndcg@10 : 0.2186    mrr@10 : 0.1724
Tue 16 Sep 2025 22:36:57 INFO  epoch 47 training [time: 479.26s, train loss: 5403.0007]
Tue 16 Sep 2025 22:36:58 INFO  epoch 47 evaluating [time: 0.42s, valid_score: 0.218300]
Tue 16 Sep 2025 22:36:58 INFO  valid result: 
hit@10 : 0.3671    ndcg@10 : 0.2183    mrr@10 : 0.1725
Tue 16 Sep 2025 22:44:56 INFO  epoch 48 training [time: 478.97s, train loss: 5401.3079]
Tue 16 Sep 2025 22:44:57 INFO  epoch 48 evaluating [time: 0.42s, valid_score: 0.219100]
Tue 16 Sep 2025 22:44:57 INFO  valid result: 
hit@10 : 0.3682    ndcg@10 : 0.2191    mrr@10 : 0.1733
Tue 16 Sep 2025 22:52:56 INFO  epoch 49 training [time: 479.07s, train loss: 5402.2411]
Tue 16 Sep 2025 22:52:56 INFO  epoch 49 evaluating [time: 0.42s, valid_score: 0.222600]
Tue 16 Sep 2025 22:52:56 INFO  valid result: 
hit@10 : 0.3737    ndcg@10 : 0.2226    mrr@10 : 0.1763
Tue 16 Sep 2025 22:52:56 INFO  Saving current: saved/SS4Rec-Sep-16-2025_16-13-34.pth
Tue 16 Sep 2025 23:00:56 INFO  epoch 50 training [time: 479.03s, train loss: 5399.4141]
Tue 16 Sep 2025 23:00:56 INFO  epoch 50 evaluating [time: 0.42s, valid_score: 0.221500]
Tue 16 Sep 2025 23:00:56 INFO  valid result: 
hit@10 : 0.3707    ndcg@10 : 0.2215    mrr@10 : 0.1757
Tue 16 Sep 2025 23:08:55 INFO  epoch 51 training [time: 479.26s, train loss: 5396.3895]
Tue 16 Sep 2025 23:08:56 INFO  epoch 51 evaluating [time: 0.42s, valid_score: 0.219500]
Tue 16 Sep 2025 23:08:56 INFO  valid result: 
hit@10 : 0.3712    ndcg@10 : 0.2195    mrr@10 : 0.1731
Tue 16 Sep 2025 23:16:55 INFO  epoch 52 training [time: 479.17s, train loss: 5398.8854]
Tue 16 Sep 2025 23:16:55 INFO  epoch 52 evaluating [time: 0.42s, valid_score: 0.221300]
Tue 16 Sep 2025 23:16:55 INFO  valid result: 
hit@10 : 0.373    ndcg@10 : 0.2213    mrr@10 : 0.1748
Tue 16 Sep 2025 23:24:54 INFO  epoch 53 training [time: 479.23s, train loss: 5397.0885]
Tue 16 Sep 2025 23:24:55 INFO  epoch 53 evaluating [time: 0.42s, valid_score: 0.220900]
Tue 16 Sep 2025 23:24:55 INFO  valid result: 
hit@10 : 0.3695    ndcg@10 : 0.2209    mrr@10 : 0.1752
Tue 16 Sep 2025 23:32:54 INFO  epoch 54 training [time: 478.98s, train loss: 5394.2930]
Tue 16 Sep 2025 23:32:54 INFO  epoch 54 evaluating [time: 0.42s, valid_score: 0.219400]
Tue 16 Sep 2025 23:32:54 INFO  valid result: 
hit@10 : 0.3685    ndcg@10 : 0.2194    mrr@10 : 0.1736
Tue 16 Sep 2025 23:40:53 INFO  epoch 55 training [time: 479.01s, train loss: 5397.1705]
Tue 16 Sep 2025 23:40:54 INFO  epoch 55 evaluating [time: 0.42s, valid_score: 0.223300]
Tue 16 Sep 2025 23:40:54 INFO  valid result: 
hit@10 : 0.374    ndcg@10 : 0.2233    mrr@10 : 0.177
Tue 16 Sep 2025 23:40:54 INFO  Saving current: saved/SS4Rec-Sep-16-2025_16-13-34.pth
Tue 16 Sep 2025 23:48:53 INFO  epoch 56 training [time: 479.14s, train loss: 5395.5411]
Tue 16 Sep 2025 23:48:53 INFO  epoch 56 evaluating [time: 0.42s, valid_score: 0.219900]
Tue 16 Sep 2025 23:48:53 INFO  valid result: 
hit@10 : 0.3707    ndcg@10 : 0.2199    mrr@10 : 0.1736
Tue 16 Sep 2025 23:56:52 INFO  epoch 57 training [time: 479.03s, train loss: 5388.0287]
Tue 16 Sep 2025 23:56:53 INFO  epoch 57 evaluating [time: 0.42s, valid_score: 0.220100]
Tue 16 Sep 2025 23:56:53 INFO  valid result: 
hit@10 : 0.3704    ndcg@10 : 0.2201    mrr@10 : 0.1739
Wed 17 Sep 2025 00:04:52 INFO  epoch 58 training [time: 479.05s, train loss: 5386.2955]
Wed 17 Sep 2025 00:04:52 INFO  epoch 58 evaluating [time: 0.42s, valid_score: 0.223800]
Wed 17 Sep 2025 00:04:52 INFO  valid result: 
hit@10 : 0.3742    ndcg@10 : 0.2238    mrr@10 : 0.1777
Wed 17 Sep 2025 00:04:52 INFO  Saving current: saved/SS4Rec-Sep-16-2025_16-13-34.pth
Wed 17 Sep 2025 00:12:52 INFO  epoch 59 training [time: 479.25s, train loss: 5381.9273]
Wed 17 Sep 2025 00:12:52 INFO  epoch 59 evaluating [time: 0.42s, valid_score: 0.219300]
Wed 17 Sep 2025 00:12:52 INFO  valid result: 
hit@10 : 0.3685    ndcg@10 : 0.2193    mrr@10 : 0.1734
Wed 17 Sep 2025 00:20:51 INFO  epoch 60 training [time: 479.07s, train loss: 5388.5189]
Wed 17 Sep 2025 00:20:51 INFO  epoch 60 evaluating [time: 0.42s, valid_score: 0.222400]
Wed 17 Sep 2025 00:20:51 INFO  valid result: 
hit@10 : 0.3742    ndcg@10 : 0.2224    mrr@10 : 0.1758
Wed 17 Sep 2025 00:28:51 INFO  epoch 61 training [time: 479.22s, train loss: 5382.2916]
Wed 17 Sep 2025 00:28:51 INFO  epoch 61 evaluating [time: 0.42s, valid_score: 0.224600]
Wed 17 Sep 2025 00:28:51 INFO  valid result: 
hit@10 : 0.3781    ndcg@10 : 0.2246    mrr@10 : 0.1774
Wed 17 Sep 2025 00:28:51 INFO  Saving current: saved/SS4Rec-Sep-16-2025_16-13-34.pth
Wed 17 Sep 2025 00:36:50 INFO  epoch 62 training [time: 478.64s, train loss: 5382.0751]
Wed 17 Sep 2025 00:36:50 INFO  epoch 62 evaluating [time: 0.42s, valid_score: 0.223200]
Wed 17 Sep 2025 00:36:50 INFO  valid result: 
hit@10 : 0.3785    ndcg@10 : 0.2232    mrr@10 : 0.1755
Wed 17 Sep 2025 00:44:49 INFO  epoch 63 training [time: 478.83s, train loss: 5381.6944]
Wed 17 Sep 2025 00:44:49 INFO  epoch 63 evaluating [time: 0.42s, valid_score: 0.221900]
Wed 17 Sep 2025 00:44:49 INFO  valid result: 
hit@10 : 0.3748    ndcg@10 : 0.2219    mrr@10 : 0.175
Wed 17 Sep 2025 00:52:48 INFO  epoch 64 training [time: 478.86s, train loss: 5382.7871]
Wed 17 Sep 2025 00:52:49 INFO  epoch 64 evaluating [time: 0.43s, valid_score: 0.223400]
Wed 17 Sep 2025 00:52:49 INFO  valid result: 
hit@10 : 0.373    ndcg@10 : 0.2234    mrr@10 : 0.1775
Wed 17 Sep 2025 01:00:48 INFO  epoch 65 training [time: 478.87s, train loss: 5383.9445]
Wed 17 Sep 2025 01:00:48 INFO  epoch 65 evaluating [time: 0.42s, valid_score: 0.222100]
Wed 17 Sep 2025 01:00:48 INFO  valid result: 
hit@10 : 0.3695    ndcg@10 : 0.2221    mrr@10 : 0.1767
Wed 17 Sep 2025 01:08:47 INFO  epoch 66 training [time: 478.77s, train loss: 5377.7105]
Wed 17 Sep 2025 01:08:47 INFO  epoch 66 evaluating [time: 0.42s, valid_score: 0.221400]
Wed 17 Sep 2025 01:08:47 INFO  valid result: 
hit@10 : 0.3692    ndcg@10 : 0.2214    mrr@10 : 0.1759
Wed 17 Sep 2025 01:16:46 INFO  epoch 67 training [time: 478.98s, train loss: 5383.4227]
Wed 17 Sep 2025 01:16:47 INFO  epoch 67 evaluating [time: 0.42s, valid_score: 0.223100]
Wed 17 Sep 2025 01:16:47 INFO  valid result: 
hit@10 : 0.3753    ndcg@10 : 0.2231    mrr@10 : 0.1763
Wed 17 Sep 2025 01:24:45 INFO  epoch 68 training [time: 478.80s, train loss: 5374.8841]
Wed 17 Sep 2025 01:24:46 INFO  epoch 68 evaluating [time: 0.42s, valid_score: 0.220700]
Wed 17 Sep 2025 01:24:46 INFO  valid result: 
hit@10 : 0.3725    ndcg@10 : 0.2207    mrr@10 : 0.1741
Wed 17 Sep 2025 01:32:44 INFO  epoch 69 training [time: 478.62s, train loss: 5377.8556]
Wed 17 Sep 2025 01:32:45 INFO  epoch 69 evaluating [time: 0.42s, valid_score: 0.221700]
Wed 17 Sep 2025 01:32:45 INFO  valid result: 
hit@10 : 0.3717    ndcg@10 : 0.2217    mrr@10 : 0.1757
Wed 17 Sep 2025 01:40:44 INFO  epoch 70 training [time: 478.83s, train loss: 5372.9040]
Wed 17 Sep 2025 01:40:44 INFO  epoch 70 evaluating [time: 0.42s, valid_score: 0.224900]
Wed 17 Sep 2025 01:40:44 INFO  valid result: 
hit@10 : 0.3783    ndcg@10 : 0.2249    mrr@10 : 0.1779
Wed 17 Sep 2025 01:40:44 INFO  Saving current: saved/SS4Rec-Sep-16-2025_16-13-34.pth
Wed 17 Sep 2025 01:48:43 INFO  epoch 71 training [time: 478.74s, train loss: 5377.6999]
Wed 17 Sep 2025 01:48:43 INFO  epoch 71 evaluating [time: 0.42s, valid_score: 0.223200]
Wed 17 Sep 2025 01:48:43 INFO  valid result: 
hit@10 : 0.3781    ndcg@10 : 0.2232    mrr@10 : 0.1754
Wed 17 Sep 2025 01:56:42 INFO  epoch 72 training [time: 478.78s, train loss: 5374.1687]
Wed 17 Sep 2025 01:56:43 INFO  epoch 72 evaluating [time: 0.42s, valid_score: 0.225400]
Wed 17 Sep 2025 01:56:43 INFO  valid result: 
hit@10 : 0.3758    ndcg@10 : 0.2254    mrr@10 : 0.1791
Wed 17 Sep 2025 01:56:43 INFO  Saving current: saved/SS4Rec-Sep-16-2025_16-13-34.pth
Wed 17 Sep 2025 02:04:41 INFO  epoch 73 training [time: 478.37s, train loss: 5369.1870]
Wed 17 Sep 2025 02:04:41 INFO  epoch 73 evaluating [time: 0.42s, valid_score: 0.222700]
Wed 17 Sep 2025 02:04:41 INFO  valid result: 
hit@10 : 0.374    ndcg@10 : 0.2227    mrr@10 : 0.1763
Wed 17 Sep 2025 02:12:38 INFO  epoch 74 training [time: 476.61s, train loss: 5371.2376]
Wed 17 Sep 2025 02:12:38 INFO  epoch 74 evaluating [time: 0.42s, valid_score: 0.224100]
Wed 17 Sep 2025 02:12:38 INFO  valid result: 
hit@10 : 0.3717    ndcg@10 : 0.2241    mrr@10 : 0.1787
Wed 17 Sep 2025 02:20:37 INFO  epoch 75 training [time: 478.43s, train loss: 5367.3404]
Wed 17 Sep 2025 02:20:37 INFO  epoch 75 evaluating [time: 0.42s, valid_score: 0.223000]
Wed 17 Sep 2025 02:20:37 INFO  valid result: 
hit@10 : 0.3747    ndcg@10 : 0.223    mrr@10 : 0.1764
Wed 17 Sep 2025 02:28:36 INFO  epoch 76 training [time: 478.84s, train loss: 5365.8238]
Wed 17 Sep 2025 02:28:37 INFO  epoch 76 evaluating [time: 0.42s, valid_score: 0.223800]
Wed 17 Sep 2025 02:28:37 INFO  valid result: 
hit@10 : 0.373    ndcg@10 : 0.2238    mrr@10 : 0.1778
Wed 17 Sep 2025 02:36:36 INFO  epoch 77 training [time: 479.17s, train loss: 5369.6617]
Wed 17 Sep 2025 02:36:36 INFO  epoch 77 evaluating [time: 0.42s, valid_score: 0.224100]
Wed 17 Sep 2025 02:36:36 INFO  valid result: 
hit@10 : 0.3738    ndcg@10 : 0.2241    mrr@10 : 0.178
Wed 17 Sep 2025 02:44:35 INFO  epoch 78 training [time: 479.17s, train loss: 5372.0333]
Wed 17 Sep 2025 02:44:36 INFO  epoch 78 evaluating [time: 0.42s, valid_score: 0.225900]
Wed 17 Sep 2025 02:44:36 INFO  valid result: 
hit@10 : 0.3785    ndcg@10 : 0.2259    mrr@10 : 0.1789
Wed 17 Sep 2025 02:44:36 INFO  Saving current: saved/SS4Rec-Sep-16-2025_16-13-34.pth
Wed 17 Sep 2025 02:52:34 INFO  epoch 79 training [time: 478.63s, train loss: 5367.2013]
Wed 17 Sep 2025 02:52:35 INFO  epoch 79 evaluating [time: 0.42s, valid_score: 0.224500]
Wed 17 Sep 2025 02:52:35 INFO  valid result: 
hit@10 : 0.3785    ndcg@10 : 0.2245    mrr@10 : 0.1773
Wed 17 Sep 2025 03:00:34 INFO  epoch 80 training [time: 478.97s, train loss: 5369.6473]
Wed 17 Sep 2025 03:00:34 INFO  epoch 80 evaluating [time: 0.42s, valid_score: 0.223000]
Wed 17 Sep 2025 03:00:34 INFO  valid result: 
hit@10 : 0.3753    ndcg@10 : 0.223    mrr@10 : 0.1762
Wed 17 Sep 2025 03:08:33 INFO  epoch 81 training [time: 478.94s, train loss: 5363.9399]
Wed 17 Sep 2025 03:08:34 INFO  epoch 81 evaluating [time: 0.42s, valid_score: 0.224100]
Wed 17 Sep 2025 03:08:34 INFO  valid result: 
hit@10 : 0.3768    ndcg@10 : 0.2241    mrr@10 : 0.1771
Wed 17 Sep 2025 03:16:32 INFO  epoch 82 training [time: 478.81s, train loss: 5361.3768]
Wed 17 Sep 2025 03:16:33 INFO  epoch 82 evaluating [time: 0.42s, valid_score: 0.223500]
Wed 17 Sep 2025 03:16:33 INFO  valid result: 
hit@10 : 0.3742    ndcg@10 : 0.2235    mrr@10 : 0.1771
Wed 17 Sep 2025 03:24:32 INFO  epoch 83 training [time: 478.99s, train loss: 5361.9922]
Wed 17 Sep 2025 03:24:32 INFO  epoch 83 evaluating [time: 0.42s, valid_score: 0.222500]
Wed 17 Sep 2025 03:24:32 INFO  valid result: 
hit@10 : 0.375    ndcg@10 : 0.2225    mrr@10 : 0.1756
Wed 17 Sep 2025 03:32:31 INFO  epoch 84 training [time: 479.08s, train loss: 5363.7324]
Wed 17 Sep 2025 03:32:32 INFO  epoch 84 evaluating [time: 0.42s, valid_score: 0.226900]
Wed 17 Sep 2025 03:32:32 INFO  valid result: 
hit@10 : 0.3803    ndcg@10 : 0.2269    mrr@10 : 0.1799
Wed 17 Sep 2025 03:32:32 INFO  Saving current: saved/SS4Rec-Sep-16-2025_16-13-34.pth
Wed 17 Sep 2025 03:40:30 INFO  epoch 85 training [time: 478.55s, train loss: 5364.7156]
Wed 17 Sep 2025 03:40:31 INFO  epoch 85 evaluating [time: 0.42s, valid_score: 0.222400]
Wed 17 Sep 2025 03:40:31 INFO  valid result: 
hit@10 : 0.3728    ndcg@10 : 0.2224    mrr@10 : 0.1761
Wed 17 Sep 2025 03:48:29 INFO  epoch 86 training [time: 478.63s, train loss: 5366.5304]
Wed 17 Sep 2025 03:48:30 INFO  epoch 86 evaluating [time: 0.41s, valid_score: 0.225100]
Wed 17 Sep 2025 03:48:30 INFO  valid result: 
hit@10 : 0.3733    ndcg@10 : 0.2251    mrr@10 : 0.1796
Wed 17 Sep 2025 03:56:29 INFO  epoch 87 training [time: 479.58s, train loss: 5359.2364]
Wed 17 Sep 2025 03:56:30 INFO  epoch 87 evaluating [time: 0.42s, valid_score: 0.225700]
Wed 17 Sep 2025 03:56:30 INFO  valid result: 
hit@10 : 0.3773    ndcg@10 : 0.2257    mrr@10 : 0.1792
Wed 17 Sep 2025 04:04:28 INFO  epoch 88 training [time: 477.80s, train loss: 5360.5644]
Wed 17 Sep 2025 04:04:28 INFO  epoch 88 evaluating [time: 0.41s, valid_score: 0.225300]
Wed 17 Sep 2025 04:04:28 INFO  valid result: 
hit@10 : 0.3767    ndcg@10 : 0.2253    mrr@10 : 0.1788
Wed 17 Sep 2025 04:12:27 INFO  epoch 89 training [time: 478.98s, train loss: 5360.9744]
Wed 17 Sep 2025 04:12:28 INFO  epoch 89 evaluating [time: 0.42s, valid_score: 0.224100]
Wed 17 Sep 2025 04:12:28 INFO  valid result: 
hit@10 : 0.3755    ndcg@10 : 0.2241    mrr@10 : 0.1776
Wed 17 Sep 2025 04:20:26 INFO  epoch 90 training [time: 478.94s, train loss: 5357.9751]
Wed 17 Sep 2025 04:20:27 INFO  epoch 90 evaluating [time: 0.42s, valid_score: 0.225400]
Wed 17 Sep 2025 04:20:27 INFO  valid result: 
hit@10 : 0.377    ndcg@10 : 0.2254    mrr@10 : 0.1789
Wed 17 Sep 2025 04:28:26 INFO  epoch 91 training [time: 479.06s, train loss: 5361.4467]
Wed 17 Sep 2025 04:28:26 INFO  epoch 91 evaluating [time: 0.41s, valid_score: 0.225900]
Wed 17 Sep 2025 04:28:26 INFO  valid result: 
hit@10 : 0.3791    ndcg@10 : 0.2259    mrr@10 : 0.1789
Wed 17 Sep 2025 04:36:25 INFO  epoch 92 training [time: 478.44s, train loss: 5357.7837]
Wed 17 Sep 2025 04:36:25 INFO  epoch 92 evaluating [time: 0.42s, valid_score: 0.223500]
Wed 17 Sep 2025 04:36:25 INFO  valid result: 
hit@10 : 0.373    ndcg@10 : 0.2235    mrr@10 : 0.1776
Wed 17 Sep 2025 04:44:24 INFO  epoch 93 training [time: 478.62s, train loss: 5355.5880]
Wed 17 Sep 2025 04:44:24 INFO  epoch 93 evaluating [time: 0.42s, valid_score: 0.225300]
Wed 17 Sep 2025 04:44:24 INFO  valid result: 
hit@10 : 0.3772    ndcg@10 : 0.2253    mrr@10 : 0.1787
Wed 17 Sep 2025 04:52:24 INFO  epoch 94 training [time: 479.32s, train loss: 5355.4295]
Wed 17 Sep 2025 04:52:24 INFO  epoch 94 evaluating [time: 0.42s, valid_score: 0.227400]
Wed 17 Sep 2025 04:52:24 INFO  valid result: 
hit@10 : 0.3786    ndcg@10 : 0.2274    mrr@10 : 0.181
Wed 17 Sep 2025 04:52:24 INFO  Saving current: saved/SS4Rec-Sep-16-2025_16-13-34.pth
Wed 17 Sep 2025 05:00:23 INFO  epoch 95 training [time: 478.94s, train loss: 5353.2139]
Wed 17 Sep 2025 05:00:23 INFO  epoch 95 evaluating [time: 0.42s, valid_score: 0.226100]
Wed 17 Sep 2025 05:00:23 INFO  valid result: 
hit@10 : 0.3786    ndcg@10 : 0.2261    mrr@10 : 0.1792
Wed 17 Sep 2025 05:08:22 INFO  epoch 96 training [time: 478.56s, train loss: 5351.2830]
Wed 17 Sep 2025 05:08:22 INFO  epoch 96 evaluating [time: 0.42s, valid_score: 0.224300]
Wed 17 Sep 2025 05:08:22 INFO  valid result: 
hit@10 : 0.3763    ndcg@10 : 0.2243    mrr@10 : 0.1776
Wed 17 Sep 2025 05:16:21 INFO  epoch 97 training [time: 478.96s, train loss: 5352.1063]
Wed 17 Sep 2025 05:16:22 INFO  epoch 97 evaluating [time: 0.43s, valid_score: 0.223500]
Wed 17 Sep 2025 05:16:22 INFO  valid result: 
hit@10 : 0.3798    ndcg@10 : 0.2235    mrr@10 : 0.1755
Wed 17 Sep 2025 05:24:20 INFO  epoch 98 training [time: 478.64s, train loss: 5353.4906]
Wed 17 Sep 2025 05:24:21 INFO  epoch 98 evaluating [time: 0.42s, valid_score: 0.223600]
Wed 17 Sep 2025 05:24:21 INFO  valid result: 
hit@10 : 0.3753    ndcg@10 : 0.2236    mrr@10 : 0.1769
Wed 17 Sep 2025 05:32:20 INFO  epoch 99 training [time: 479.03s, train loss: 5350.3388]
Wed 17 Sep 2025 05:32:20 INFO  epoch 99 evaluating [time: 0.42s, valid_score: 0.226500]
Wed 17 Sep 2025 05:32:20 INFO  valid result: 
hit@10 : 0.3785    ndcg@10 : 0.2265    mrr@10 : 0.1799
Wed 17 Sep 2025 05:40:19 INFO  epoch 100 training [time: 479.13s, train loss: 5350.8271]
Wed 17 Sep 2025 05:40:20 INFO  epoch 100 evaluating [time: 0.42s, valid_score: 0.225000]
Wed 17 Sep 2025 05:40:20 INFO  valid result: 
hit@10 : 0.3796    ndcg@10 : 0.225    mrr@10 : 0.1775
Wed 17 Sep 2025 05:48:19 INFO  epoch 101 training [time: 479.35s, train loss: 5353.9621]
Wed 17 Sep 2025 05:48:20 INFO  epoch 101 evaluating [time: 0.42s, valid_score: 0.225800]
Wed 17 Sep 2025 05:48:20 INFO  valid result: 
hit@10 : 0.3796    ndcg@10 : 0.2258    mrr@10 : 0.1787
Wed 17 Sep 2025 05:56:19 INFO  epoch 102 training [time: 479.79s, train loss: 5354.2991]
Wed 17 Sep 2025 05:56:20 INFO  epoch 102 evaluating [time: 0.42s, valid_score: 0.227800]
Wed 17 Sep 2025 05:56:20 INFO  valid result: 
hit@10 : 0.3791    ndcg@10 : 0.2278    mrr@10 : 0.1812
Wed 17 Sep 2025 05:56:20 INFO  Saving current: saved/SS4Rec-Sep-16-2025_16-13-34.pth
Wed 17 Sep 2025 06:04:13 INFO  epoch 103 training [time: 472.94s, train loss: 5349.4286]
Wed 17 Sep 2025 06:04:13 INFO  epoch 103 evaluating [time: 0.42s, valid_score: 0.224600]
Wed 17 Sep 2025 06:04:13 INFO  valid result: 
hit@10 : 0.3752    ndcg@10 : 0.2246    mrr@10 : 0.1783
Wed 17 Sep 2025 06:12:12 INFO  epoch 104 training [time: 479.18s, train loss: 5353.3556]
Wed 17 Sep 2025 06:12:13 INFO  epoch 104 evaluating [time: 0.42s, valid_score: 0.226400]
Wed 17 Sep 2025 06:12:13 INFO  valid result: 
hit@10 : 0.3768    ndcg@10 : 0.2264    mrr@10 : 0.1801
Wed 17 Sep 2025 06:20:12 INFO  epoch 105 training [time: 479.47s, train loss: 5347.7366]
Wed 17 Sep 2025 06:20:13 INFO  epoch 105 evaluating [time: 0.42s, valid_score: 0.227200]
Wed 17 Sep 2025 06:20:13 INFO  valid result: 
hit@10 : 0.3795    ndcg@10 : 0.2272    mrr@10 : 0.1804
Wed 17 Sep 2025 06:28:12 INFO  epoch 106 training [time: 479.33s, train loss: 5342.9023]
Wed 17 Sep 2025 06:28:13 INFO  epoch 106 evaluating [time: 0.42s, valid_score: 0.225800]
Wed 17 Sep 2025 06:28:13 INFO  valid result: 
hit@10 : 0.38    ndcg@10 : 0.2258    mrr@10 : 0.1783
Wed 17 Sep 2025 06:36:11 INFO  epoch 107 training [time: 478.87s, train loss: 5345.2043]
Wed 17 Sep 2025 06:36:12 INFO  epoch 107 evaluating [time: 0.42s, valid_score: 0.225100]
Wed 17 Sep 2025 06:36:12 INFO  valid result: 
hit@10 : 0.3765    ndcg@10 : 0.2251    mrr@10 : 0.1785
Wed 17 Sep 2025 06:44:11 INFO  epoch 108 training [time: 478.90s, train loss: 5343.9721]
Wed 17 Sep 2025 06:44:11 INFO  epoch 108 evaluating [time: 0.42s, valid_score: 0.223900]
Wed 17 Sep 2025 06:44:11 INFO  valid result: 
hit@10 : 0.3758    ndcg@10 : 0.2239    mrr@10 : 0.1772
Wed 17 Sep 2025 06:52:10 INFO  epoch 109 training [time: 479.19s, train loss: 5340.6513]
Wed 17 Sep 2025 06:52:11 INFO  epoch 109 evaluating [time: 0.42s, valid_score: 0.225000]
Wed 17 Sep 2025 06:52:11 INFO  valid result: 
hit@10 : 0.3755    ndcg@10 : 0.225    mrr@10 : 0.1788
Wed 17 Sep 2025 07:00:10 INFO  epoch 110 training [time: 478.82s, train loss: 5342.2243]
Wed 17 Sep 2025 07:00:10 INFO  epoch 110 evaluating [time: 0.42s, valid_score: 0.225700]
Wed 17 Sep 2025 07:00:10 INFO  valid result: 
hit@10 : 0.3793    ndcg@10 : 0.2257    mrr@10 : 0.1786
Wed 17 Sep 2025 07:08:09 INFO  epoch 111 training [time: 478.71s, train loss: 5339.5452]
Wed 17 Sep 2025 07:08:09 INFO  epoch 111 evaluating [time: 0.42s, valid_score: 0.225200]
Wed 17 Sep 2025 07:08:09 INFO  valid result: 
hit@10 : 0.3765    ndcg@10 : 0.2252    mrr@10 : 0.1787
Wed 17 Sep 2025 07:16:08 INFO  epoch 112 training [time: 478.76s, train loss: 5343.5980]
Wed 17 Sep 2025 07:16:08 INFO  epoch 112 evaluating [time: 0.42s, valid_score: 0.226700]
Wed 17 Sep 2025 07:16:08 INFO  valid result: 
hit@10 : 0.3801    ndcg@10 : 0.2267    mrr@10 : 0.1796
Wed 17 Sep 2025 07:24:07 INFO  epoch 113 training [time: 479.10s, train loss: 5343.9586]
Wed 17 Sep 2025 07:24:08 INFO  epoch 113 evaluating [time: 0.42s, valid_score: 0.226100]
Wed 17 Sep 2025 07:24:08 INFO  valid result: 
hit@10 : 0.3816    ndcg@10 : 0.2261    mrr@10 : 0.1782
Wed 17 Sep 2025 07:24:08 INFO  Finished training, best eval result in epoch 102
Wed 17 Sep 2025 07:24:08 INFO  Loading model structure and parameters from saved/SS4Rec-Sep-16-2025_16-13-34.pth
Wed 17 Sep 2025 07:24:09 INFO  The running environment of this training is as follows:
+-------------+-----------------+
| Environment |      Usage      |
+=============+=================+
| CPU         |     2.40 %      |
+-------------+-----------------+
| GPU         | 20.52 G/23.64 G |
+-------------+-----------------+
| Memory      | 5.68 G/251.50 G |
+-------------+-----------------+
Wed 17 Sep 2025 07:24:09 INFO  best valid : OrderedDict([('hit@10', 0.3791), ('ndcg@10', 0.2278), ('mrr@10', 0.1812)])
Wed 17 Sep 2025 07:24:09 INFO  test result: OrderedDict([('hit@10', 0.3523), ('ndcg@10', 0.2153), ('mrr@10', 0.1733)])
